Set parameter Username
Set parameter LicenseID to value 2766131
Academic license - for non-commercial use only - expires 2027-01-15
Set parameter OutputFlag to value 1
Set parameter MIPGap to value 0.01
Set parameter MIPFocus to value 1
Set parameter Presolve to value 2
Set parameter TimeLimit to value 36000
Set parameter Heuristics to value 0.3
Set parameter NumericFocus to value 1
Set parameter ScaleFlag to value 2
Set parameter Threads to value 8
Set parameter Seed to value 4
Set parameter MIPGap to value 0.01
Gurobi Optimizer version 13.0.0 build v13.0.0rc1 (win64 - Windows 10.0 (19045.2))

CPU model: Intel(R) Core(TM) i9-14900K, instruction set [SSE2|AVX|AVX2]
Thread count: 24 physical cores, 32 logical processors, using up to 8 threads

Non-default parameters:
TimeLimit  36000
MIPGap  0.01
ScaleFlag  2
Heuristics  0.3
MIPFocus  1
NumericFocus  1
Presolve  2
Seed  4
Threads  8

Optimize a model with 302262 rows, 681690 columns and 1653572 nonzeros (Min)
Model fingerprint: 0xdc3745da
Model has 620810 linear objective coefficients
Variable types: 642282 continuous, 39408 integer (39408 binary)
Coefficient statistics:
  Matrix range     [3e-05, 4e+04]
  Objective range  [2e-04, 4e+02]
  Bounds range     [1e+00, 5e+00]
  RHS range        [2e-05, 4e+05]
Presolve removed 101971 rows and 72541 columns (presolve time = 5s)...
Presolve removed 101436 rows and 71830 columns
Presolve time: 5.57s
Presolved: 200826 rows, 609860 columns, 1465787 nonzeros
Variable types: 577578 continuous, 32282 integer (27382 binary)
Found heuristic solution: objective 19606.896898
Root relaxation presolve removed 20743 rows and 10555 columns
Root relaxation presolved: 180083 rows, 599305 columns, 1424301 nonzeros

Deterministic concurrent LP optimizer: primal simplex, dual simplex, and barrier
Showing barrier log only...

Root barrier log...

Ordering time: 1.51s

Barrier statistics:
 Dense cols : 4
 AA' NZ     : 1.817e+06
 Factor NZ  : 4.819e+06 (roughly 350 MB of memory)
 Factor Ops : 7.389e+08 (less than 1 second per iteration)
 Threads    : 6

                  Objective                Residual
Iter       Primal          Dual         Primal    Dual     Compl     Time
   0   1.96809220e+16 -2.09659502e+15  3.54e+12 4.48e+02  1.65e+13     9s
   1   1.40972211e+16 -9.28412936e+14  2.44e+12 4.27e+01  1.20e+13    10s
   2   1.06001740e+15 -5.07369288e+14  1.83e+11 1.38e-10  9.04e+11    10s
   3   4.37042950e+12 -4.35507488e+14  6.63e+08 1.53e-10  3.62e+09    10s
   4   8.94288270e+11 -7.92995619e+13  8.12e+07 1.46e-10  4.52e+08    10s
   5   5.26422730e+11 -1.67269665e+13  1.90e+07 8.73e-11  1.04e+08    10s
   6   4.42546176e+11 -5.38362827e+12  6.28e+06 3.27e-11  3.47e+07    11s
   7   3.79238488e+11 -1.11885354e+12  1.40e+06 2.40e-10  7.83e+06    11s
   8   1.85351433e+11 -6.12753270e+11  5.15e+05 1.02e-10  2.99e+06    11s
   9   4.77278226e+10 -2.70260546e+11  1.28e+05 2.78e-10  7.77e+05    11s
  10   1.47087255e+10 -1.38565852e+11  3.33e+04 1.67e-10  2.38e+05    11s
  11   8.58036807e+09 -1.16558934e+11  1.74e+04 1.24e-10  1.55e+05    11s
  12   5.63291989e+09 -9.61317841e+10  9.95e+03 1.24e-10  1.09e+05    12s
  13   3.90793197e+09 -4.50988643e+10  5.87e+03 2.91e-10  5.34e+04    12s
  14   2.90494654e+09 -3.51454425e+10  3.88e+03 1.96e-10  3.89e+04    12s
  15   2.34159133e+09 -2.76300481e+10  2.85e+03 1.46e-10  2.97e+04    12s
  16   1.95624703e+09 -1.70850562e+10  2.21e+03 1.16e-10  1.95e+04    12s
  17   1.63870281e+09 -1.35501070e+10  1.72e+03 1.16e-10  1.54e+04    12s
  18   1.28491987e+09 -1.13095914e+10  1.22e+03 8.37e-11  1.22e+04    12s
  19   9.89792451e+08 -8.73395861e+09  8.43e+02 5.09e-11  9.15e+03    13s
  20   7.24791610e+08 -6.37398541e+09  5.41e+02 3.64e-11  6.45e+03    13s
  21   4.67928989e+08 -4.41693885e+09  2.87e+02 4.73e-11  4.20e+03    14s
  22   3.49091003e+08 -2.70445919e+09  1.93e+02 2.91e-11  2.61e+03    14s
  23   2.26084426e+08 -1.92054173e+09  1.13e+02 2.91e-11  1.76e+03    14s
  24   1.46234508e+08 -1.32000545e+09  6.54e+01 2.91e-11  1.17e+03    15s
  25   8.79361159e+07 -7.90690877e+08  3.46e+01 3.27e-11  6.82e+02    15s
  26   5.02956092e+07 -5.13828824e+08  1.82e+01 8.00e-11  4.29e+02    15s
  27   2.55273843e+07 -2.25337669e+08  8.55e+00 1.82e-11  1.88e+02    16s
  28   1.30321935e+07 -1.28902737e+08  3.82e+00 1.46e-11  1.05e+02    16s
  29   6.98062906e+06 -6.12132647e+07  1.86e+00 7.28e-12  5.02e+01    16s
  30   3.90773796e+06 -3.34966030e+07  9.24e-01 3.64e-12  2.75e+01    17s
  31   2.69562093e+06 -1.93646344e+07  5.88e-01 3.64e-12  1.62e+01    17s
  32   1.84176400e+06 -1.25477298e+07  3.77e-01 3.64e-12  1.05e+01    17s
  33   1.16017091e+06 -7.42228437e+06  2.21e-01 1.82e-12  6.29e+00    17s
  34   7.79237790e+05 -5.11101341e+06  1.42e-01 1.82e-12  4.31e+00    17s
  35   4.46008414e+05 -2.90402784e+06  7.68e-02 9.09e-13  2.45e+00    18s
  36   2.39455653e+05 -1.95977753e+06  3.57e-02 4.63e-13  1.61e+00    18s
  37   1.21697035e+05 -6.82071418e+05  1.24e-02 6.99e-13  5.88e-01    19s
  38   7.74943220e+04 -4.56641336e+05  6.39e-03 5.83e-13  3.91e-01    19s
  39   6.02733082e+04 -3.13927316e+05  4.23e-03 6.37e-13  2.74e-01    19s
  40   5.68007128e+04 -2.18465812e+05  3.85e-03 6.81e-13  2.01e-01    20s
  41   3.89814470e+04 -1.92901891e+05  1.95e-03 6.93e-13  1.70e-01    20s
  42   3.08667080e+04 -1.14037743e+05  1.16e-03 5.34e-13  1.06e-01    21s
  43   2.50155157e+04 -7.00562902e+04  6.87e-04 4.15e-13  6.96e-02    21s
  44   2.03114755e+04 -3.92048646e+04  3.75e-04 6.48e-13  4.36e-02    22s
  45   1.59173135e+04 -1.82962996e+04  1.52e-04 6.33e-13  2.50e-02    22s
  46   1.43271491e+04 -9.09456107e+03  9.62e-05 5.32e-13  1.71e-02    22s
  47   1.34466728e+04 -1.27651322e+03  7.04e-05 5.36e-13  1.08e-02    23s
  48   1.26549411e+04  2.99513960e+03  4.99e-05 5.88e-13  7.07e-03    23s
  49   1.22216838e+04  4.44689911e+03  3.99e-05 4.98e-13  5.69e-03    23s
  50   1.18265869e+04  6.04407854e+03  3.13e-05 5.28e-13  4.23e-03    24s
  51   1.09081797e+04  7.31378364e+03  1.27e-05 4.78e-13  2.63e-03    24s
  52   1.05727438e+04  8.72456648e+03  6.80e-06 6.41e-13  1.35e-03    25s
  53   1.02442305e+04  9.31863197e+03  1.87e-06 8.40e-13  6.77e-04    25s
  54   1.01811809e+04  9.63190525e+03  1.91e-06 4.96e-13  4.02e-04    25s
  55   1.01463382e+04  9.79433232e+03  9.54e-07 8.39e-13  2.58e-04    26s
  56   1.01170465e+04  9.88647183e+03  9.54e-07 5.81e-13  1.69e-04    26s
  57   1.00983573e+04  9.96901613e+03  1.91e-06 5.26e-13  9.47e-05    26s
  58   1.00892042e+04  1.00149318e+04  1.91e-06 8.62e-13  5.44e-05    26s
  59   1.00806597e+04  1.00340612e+04  9.54e-07 5.88e-13  3.41e-05    27s
  60   1.00753784e+04  1.00473996e+04  1.91e-06 5.16e-13  2.05e-05    27s
  61   1.00723127e+04  1.00550455e+04  1.91e-06 5.39e-13  1.26e-05    27s
  62   1.00704898e+04  1.00613681e+04  9.54e-07 7.08e-13  6.68e-06    28s
  63   1.00696902e+04  1.00645432e+04  9.54e-07 7.07e-13  3.77e-06    28s
  64   1.00693261e+04  1.00652361e+04  9.54e-07 5.06e-13  2.99e-06    28s
  65   1.00689437e+04  1.00666991e+04  9.54e-07 8.37e-13  1.64e-06    28s
  66   1.00687007e+04  1.00674395e+04  9.54e-07 6.34e-13  9.23e-07    29s
  67   1.00685377e+04  1.00678998e+04  9.54e-07 6.29e-13  4.67e-07    29s
  68   1.00684898e+04  1.00681224e+04  9.54e-07 5.60e-13  2.69e-07    29s
  69   1.00684285e+04  1.00682280e+04  1.91e-06 6.28e-13  1.47e-07    30s
  70   1.00683777e+04  1.00683091e+04  9.54e-07 5.69e-13  5.03e-08    30s
  71   1.00683704e+04  1.00683370e+04  1.91e-06 5.54e-13  2.44e-08    31s
  72   1.00683659e+04  1.00683553e+04  9.54e-07 6.97e-13  7.82e-09    31s
  73   1.00683647e+04  1.00683640e+04  9.54e-07 7.98e-13  4.78e-10    32s
  74   1.00683645e+04  1.00683643e+04  9.54e-07 6.33e-13  1.19e-10    32s
  75   1.00683644e+04  1.00683644e+04  9.54e-07 6.29e-13  1.06e-11    33s

Barrier solved model in 75 iterations and 32.58 seconds (23.04 work units)
Optimal objective 1.00683644e+04


Root crossover log...

   63009 DPushes remaining with DInf 6.3590435e-01                33s
       0 DPushes remaining with DInf 1.8102005e-01                34s

     300 PPushes remaining with PInf 2.7793723e-05                34s
       0 PPushes remaining with PInf 0.0000000e+00                34s

  Push phase complete: Pinf 0.0000000e+00, Dinf 4.2655182e-01     34s


Root simplex log...

Iteration    Objective       Primal Inf.    Dual Inf.      Time
   30445    1.0068364e+04   0.000000e+00   4.265518e-01     34s
   30523    1.0068364e+04   0.000000e+00   0.000000e+00     34s
Crossover time: 1.20 seconds (0.56 work units)
Concurrent spin time: 0.00s

Solved with barrier
   30523    1.0068364e+04   0.000000e+00   0.000000e+00     34s

Root relaxation: objective 1.006836e+04, 30523 iterations, 27.30 seconds (15.26 work units)

    Nodes    |    Current Node    |     Objective Bounds      |     Work
 Expl Unexpl |  Obj  Depth IntInf | Incumbent    BestBd   Gap | It/Node Time

     0     0 10068.3644    0 7371 19606.8969 10068.3644  48.6%     -   36s
H    0     0                    19062.467893 10068.3644  47.2%     -   36s
H    0     0                    18081.389042 10068.3644  44.3%     -   45s
H    0     0                    17916.491471 10068.3644  43.8%     -   53s
H    0     0                    17896.704520 10068.3644  43.7%     -   53s
     0     0 11938.0255    0 5238 17896.7045 11938.0255  33.3%     -  107s
H    0     0                    16697.227885 11938.0255  28.5%     -  116s
H    0     0                    16681.179134 11938.0255  28.4%     -  125s
     0     0 12088.4084    0 5073 16681.1791 12088.4084  27.5%     -  157s
     0     0 12091.0301    0 5041 16681.1791 12091.0301  27.5%     -  170s
     0     0 12091.3128    0 5039 16681.1791 12091.3128  27.5%     -  175s
     0     0 12091.3143    0 5029 16681.1791 12091.3143  27.5%     -  181s
     0     0 12573.0921    0 4283 16681.1791 12573.0921  24.6%     -  261s
H    0     0                    14965.962331 12573.0921  16.0%     -  282s
H    0     0                    14963.434582 12573.0921  16.0%     -  296s
     0     0 12698.9602    0 3627 14963.4346 12698.9602  15.1%     -  413s
     0     0 12714.3119    0 3551 14963.4346 12714.3119  15.0%     -  493s
     0     0 12718.2822    0 3523 14963.4346 12718.2822  15.0%     -  536s
     0     0 12721.3636    0 3496 14963.4346 12721.3636  15.0%     -  554s
     0     0 12723.7456    0 3473 14963.4346 12723.7456  15.0%     -  577s
     0     0 12725.9375    0 3464 14963.4346 12725.9375  15.0%     -  590s
     0     0 12727.9425    0 3478 14963.4346 12727.9425  14.9%     -  604s
     0     0 12729.4182    0 3461 14963.4346 12729.4182  14.9%     -  611s
     0     0 12730.9378    0 3445 14963.4346 12730.9378  14.9%     -  621s
     0     0 12732.1688    0 3435 14963.4346 12732.1688  14.9%     -  630s
     0     0 12733.3678    0 3440 14963.4346 12733.3678  14.9%     -  639s
     0     0 12734.5190    0 3431 14963.4346 12734.5190  14.9%     -  645s
     0     0 12735.4883    0 3428 14963.4346 12735.4883  14.9%     -  651s
     0     0 12736.4787    0 3449 14963.4346 12736.4787  14.9%     -  658s
     0     0 12737.3143    0 3429 14963.4346 12737.3143  14.9%     -  664s
     0     0 12737.9620    0 3428 14963.4346 12737.9620  14.9%     -  671s
     0     0 12738.4837    0 3451 14963.4346 12738.4837  14.9%     -  675s
     0     0 12738.8645    0 3421 14963.4346 12738.8645  14.9%     -  678s
     0     0 12739.3280    0 3425 14963.4346 12739.3280  14.9%     -  682s
     0     0 12739.6972    0 3441 14963.4346 12739.6972  14.9%     -  685s
     0     0 12740.1666    0 3428 14963.4346 12740.1666  14.9%     -  689s
     0     0 12740.4155    0 3420 14963.4346 12740.4155  14.9%     -  692s
     0     0 12774.3046    0 3350 14963.4346 12774.3046  14.6%     -  832s
H    0     0                    14413.613009 12774.3046  11.4%     -  910s
H    0     0                    14390.655582 12774.3046  11.2%     -  999s
H    0     0                    14390.124850 12774.3046  11.2%     -  999s
     0     0 12784.5276    0 3383 14390.1248 12784.5276  11.2%     - 1197s
     0     0 12786.9475    0 3318 14390.1248 12786.9475  11.1%     - 1237s
     0     0 12788.3327    0 3284 14390.1248 12788.3327  11.1%     - 1282s
     0     0 12789.0974    0 3312 14390.1248 12789.0974  11.1%     - 1326s
     0     0 12789.8164    0 3299 14390.1248 12789.8164  11.1%     - 1361s
     0     0 12790.3320    0 3257 14390.1248 12790.3320  11.1%     - 1381s
     0     0 12790.8709    0 3264 14390.1248 12790.8709  11.1%     - 1416s
     0     0 12791.2545    0 3265 14390.1248 12791.2545  11.1%     - 1444s
     0     0 12791.5931    0 3268 14390.1248 12791.5931  11.1%     - 1464s
     0     0 12791.9021    0 3257 14390.1248 12791.9021  11.1%     - 1479s
     0     0 12792.0578    0 3270 14390.1248 12792.0578  11.1%     - 1484s
     0     0 12798.6868    0 3330 14390.1248 12798.6868  11.1%     - 1667s
H    0     0                    13887.998473 12798.6868  7.84%     - 1709s
H    0     0                    13876.869204 12798.6868  7.77%     - 1789s
H    0     0                    13876.454819 12798.6868  7.77%     - 1789s
     0     0 12801.0440    0 3402 13876.4548 12801.0440  7.75%     - 1858s
     0     0 12801.8122    0 3393 13876.4548 12801.8122  7.74%     - 1899s
     0     0 12802.1654    0 3369 13876.4548 12802.1654  7.74%     - 1924s
     0     0 12802.5274    0 3358 13876.4548 12802.5274  7.74%     - 1943s
     0     0 12802.6874    0 3394 13876.4548 12802.6874  7.74%     - 1956s
     0     0 12806.3602    0 3329 13876.4548 12806.3602  7.71%     - 2054s
     0     0 12806.3602    0 3329 13876.4548 12806.3602  7.71%     - 2054s
     0     0 12806.3602    0 3329 13876.4548 12806.3602  7.71%     - 2055s
H    0     0                    13725.148308 12806.3602  6.69%     - 2159s
H    0     0                    13567.333925 12806.3602  5.61%     - 2399s
H    0     0                    13566.911204 12806.3602  5.61%     - 2519s
H    0     0                    13565.794589 12806.3602  5.60%     - 2524s
H    0     0                    13401.829178 12806.3602  4.44%     - 2525s
H    0     0                    13327.140917 12806.3602  3.91%     - 2526s
H    0     0                    13316.321078 12806.3602  3.83%     - 2526s
H    0     0                    13167.890223 12806.3602  2.75%     - 2531s
H    0     0                    13159.726733 12806.3602  2.69%     - 2531s
H    0     0                    13053.801203 12806.3602  1.90%     - 2539s
H    0     0                    13046.862874 12806.3602  1.84%     - 2539s
H    0     0                    13026.034164 12806.3602  1.69%     - 2548s
H    0     0                    13022.496808 12806.3602  1.66%     - 2548s
H    0     0                    12990.941275 12806.3602  1.42%     - 2559s
H    0     0                    12987.464482 12806.3602  1.39%     - 2560s
H    0     0                    12987.075220 12806.3602  1.39%     - 2561s
H    0     0                    12984.709248 12806.3602  1.37%     - 2561s
H    0     0                    12984.684865 12806.3602  1.37%     - 4331s
H    0     0                    12984.610359 12806.3602  1.37%     - 4331s
H    0     0                    12984.606094 12806.3602  1.37%     - 4427s
H    0     0                    12984.412285 12806.3602  1.37%     - 4427s
H    0     0                    12984.412279 12806.3602  1.37%     - 4466s
H    0     0                    12984.349673 12806.3602  1.37%     - 4466s
H    0     0                    12984.332126 12806.3602  1.37%     - 4513s
H    0     0                    12984.087981 12806.3602  1.37%     - 4513s
H    0     0                    12983.949457 12806.3602  1.37%     - 4513s
H    0     0                    12983.949455 12806.3602  1.37%     - 4555s
H    0     0                    12983.949321 12806.3602  1.37%     - 4555s
H    0     0                    12983.949318 12806.3602  1.37%     - 4591s
H    0     0                    12983.949059 12806.3602  1.37%     - 4591s
H    0     0                    12983.948182 12806.3602  1.37%     - 4591s
H    0     0                    12983.854791 12806.3602  1.37%     - 4672s
H    0     0                    12982.448633 12806.3602  1.36%     - 4672s
H    0     0                    12982.448250 12806.3602  1.36%     - 4710s
H    0     0                    12980.076718 12806.3602  1.34%     - 4745s
H    0     0                    12972.655094 12806.3602  1.28%     - 4745s
H    0     0                    12972.651681 12806.3602  1.28%     - 5005s
H    0     0                    12972.623518 12806.3602  1.28%     - 5005s
H    0     0                    12963.820300 12806.3602  1.21%     - 5269s
H    0     0                    12963.820040 12806.3602  1.21%     - 5270s
H    0     0                    12963.726568 12806.3602  1.21%     - 5271s
     0     2 12806.3602    0 3328 12963.7266 12806.3602  1.21%     - 5418s
H    1     4                    12963.718270 12806.3603  1.21%   733 5454s
H    2     4                    12963.640804 12806.3605  1.21%  3872 5454s
     3     6 12819.2312    2 3272 12963.6408 12806.7673  1.21%  8171 5550s
     5    12 12823.8752    3 3315 12963.6408 12806.7673  1.21% 10837 5667s
    11    14 12811.7942    3 3320 12963.6408 12808.4116  1.20% 11160 5816s
H   13    19                    12962.524505 12808.4116  1.19% 10305 5993s
H   14    19                    12957.317431 12808.4116  1.15% 10086 5993s
H   18    53                    12957.314232 12808.4116  1.15%  9547 6184s
H   52    61                    12957.296030 12808.4116  1.15%  5639 6260s
H   53    61                    12953.316186 12808.4116  1.12%  5660 6260s
H   58    61                    12953.273959 12808.4116  1.12%  5489 6260s
H   60    70                    12953.267829 12808.4116  1.12%  5364 6327s
H   62    70                    12952.859317 12808.4116  1.12%  5254 6327s
H   64    70                    12950.734392 12808.4116  1.10%  5163 6327s
H   69    78                    12950.594699 12808.4116  1.10%  5071 6393s
    77    85 12819.8023   11 3192 12950.5947 12808.4116  1.10%  4719 6461s
    84    93 12821.3686   12 3195 12950.5947 12808.4116  1.10%  4466 6526s
H   87    93                    12950.371243 12808.4116  1.10%  4321 6526s
H   92   106                    12944.066588 12808.4116  1.05%  4266 6608s
H   94   106                    12940.348917 12808.4116  1.02%  4207 6608s
H   99   106                    12940.328507 12808.4116  1.02%  4056 6608s
H  105   139                    12940.296631 12808.4116  1.02%  3927 6667s
   138   166 12823.3121   20 3023 12940.2966 12808.4116  1.02%  3329 6721s
   165   191 12825.5306   25 3001 12940.2966 12808.4116  1.02%  3023 6766s
   190   208 12828.4392   29 2928 12940.2966 12808.4116  1.02%  2814 6808s
   207   228 12832.2311   31 2970 12940.2966 12808.4116  1.02%  2722 6851s
   227   248 12829.1601   32 2921 12940.2966 12808.4116  1.02%  2590 6895s
   247   263 12833.4841   32 2907 12940.2966 12808.4116  1.02%  2502 6945s
   262   288 12831.3297   35 2881 12940.2966 12808.4116  1.02%  2447 7001s
   287   296 12832.4782   37 2893 12940.2966 12808.4116  1.02%  2369 7070s
H  289   296                    12940.260066 12808.4116  1.02%  2355 7070s
H  294   296                    12940.241516 12808.4116  1.02%  2360 7070s
   295   320 12832.6805   38 2891 12940.2415 12808.4116  1.02%  2363 7145s
   319   351 12833.6510   40 2877 12940.2415 12808.4116  1.02%  2308 7219s
