Set parameter Username
Set parameter LicenseID to value 2766131
Academic license - for non-commercial use only - expires 2027-01-15
Set parameter OutputFlag to value 1
Set parameter MIPGap to value 0.01
Set parameter MIPFocus to value 1
Set parameter Presolve to value 2
Set parameter TimeLimit to value 36000
Set parameter Heuristics to value 0.3
Set parameter NumericFocus to value 1
Set parameter ScaleFlag to value 2
Set parameter Threads to value 8
Set parameter MIPGap to value 0.01
Gurobi Optimizer version 13.0.0 build v13.0.0rc1 (win64 - Windows 10.0 (19045.2))

CPU model: Intel(R) Core(TM) i9-14900K, instruction set [SSE2|AVX|AVX2]
Thread count: 24 physical cores, 32 logical processors, using up to 8 threads

Non-default parameters:
TimeLimit  36000
MIPGap  0.01
ScaleFlag  2
Heuristics  0.3
MIPFocus  1
NumericFocus  1
Presolve  2
Threads  8

Optimize a model with 302262 rows, 681690 columns and 1653572 nonzeros (Min)
Model fingerprint: 0xd6e999bb
Model has 620810 linear objective coefficients
Variable types: 642282 continuous, 39408 integer (39408 binary)
Coefficient statistics:
  Matrix range     [3e-05, 4e+04]
  Objective range  [2e-04, 4e+02]
  Bounds range     [1e+00, 5e+00]
  RHS range        [2e-05, 4e+05]
Presolve removed 102123 rows and 72844 columns
Presolve time: 4.27s
Presolved: 200139 rows, 608846 columns, 1462181 nonzeros
Variable types: 576564 continuous, 32282 integer (27382 binary)
Found heuristic solution: objective 19588.617533
Root relaxation presolve removed 20758 rows and 10570 columns
Root relaxation presolved: 179381 rows, 598276 columns, 1420665 nonzeros

Deterministic concurrent LP optimizer: primal simplex, dual simplex, and barrier
Showing barrier log only...

Root barrier log...

Ordering time: 0.34s

Barrier statistics:
 Dense cols : 4
 AA' NZ     : 1.808e+06
 Factor NZ  : 5.607e+06 (roughly 360 MB of memory)
 Factor Ops : 1.831e+09 (less than 1 second per iteration)
 Threads    : 6

                  Objective                Residual
Iter       Primal          Dual         Primal    Dual     Compl     Time
   0   1.96728641e+16 -2.11158416e+15  3.65e+12 4.48e+02  1.65e+13     7s
   1   1.40918862e+16 -1.00247373e+15  2.52e+12 1.99e+02  1.20e+13     7s
   2   1.23017701e+15 -5.16801082e+14  2.19e+11 1.67e-10  1.05e+12     7s
   3   4.64831739e+12 -4.36348192e+14  7.31e+08 1.24e-10  3.85e+09     8s
   4   7.59975532e+11 -7.89218017e+13  6.06e+07 2.18e-10  3.42e+08     8s
   5   4.96255173e+11 -2.09552427e+13  1.46e+07 1.82e-10  8.37e+07     8s
   6   4.41281209e+11 -8.18078079e+12  6.16e+06 1.53e-10  3.51e+07     8s
   7   3.96049282e+11 -1.63557283e+12  1.44e+06 2.04e-10  8.25e+06     9s
   8   2.72646355e+11 -6.59658809e+11  5.26e+05 1.89e-10  3.07e+06     9s
   9   7.54580598e+10 -2.97723764e+11  1.42e+05 6.91e-10  8.62e+05     9s
  10   2.18710280e+10 -1.48715146e+11  3.72e+04 2.64e-10  2.63e+05    10s
  11   1.78037099e+10 -1.25241809e+11  2.96e+04 2.20e-10  2.11e+05    10s
  12   1.06588382e+10 -9.57902070e+10  1.63e+04 2.18e-10  1.33e+05    10s
  13   5.30073127e+09 -2.53791745e+10  6.97e+03 1.38e-10  4.19e+04    10s
  14   3.52421899e+09 -1.66146639e+10  4.38e+03 6.91e-11  2.62e+04    11s
  15   2.73706261e+09 -1.39033486e+10  3.27e+03 5.46e-11  2.05e+04    11s
  16   2.06222370e+09 -1.07908900e+10  2.35e+03 5.09e-11  1.51e+04    11s
  17   1.81237617e+09 -8.63633611e+09  2.02e+03 3.64e-11  1.24e+04    12s
  18   1.46849440e+09 -6.68281243e+09  1.59e+03 2.36e-11  9.62e+03    12s
  19   1.08370143e+09 -4.99160447e+09  1.13e+03 3.46e-11  6.99e+03    12s
  20   7.41687767e+08 -3.78758970e+09  7.32e+02 2.91e-11  4.92e+03    13s
  21   5.21836405e+08 -2.79755004e+09  4.92e+02 4.37e-11  3.46e+03    13s
  22   3.09257510e+08 -1.78699365e+09  2.70e+02 7.09e-11  2.05e+03    13s
  23   1.94977379e+08 -1.02565619e+09  1.62e+02 8.37e-11  1.16e+03    14s
  24   1.01552027e+08 -6.97675014e+08  7.76e+01 6.00e-11  6.94e+02    14s
  25   5.39437202e+07 -4.79570224e+08  3.83e+01 3.64e-11  4.35e+02    14s
  26   3.61372342e+07 -3.66804898e+08  2.44e+01 2.55e-11  3.19e+02    15s
  27   1.83799949e+07 -2.22037653e+08  1.15e+01 8.37e-11  1.84e+02    15s
  28   9.91093954e+06 -1.16243980e+08  5.77e+00 8.55e-11  9.49e+01    15s
  29   5.95382205e+06 -5.92124871e+07  3.09e+00 4.09e-11  4.85e+01    15s
  30   4.06681457e+06 -3.33522182e+07  1.90e+00 2.96e-11  2.77e+01    15s
  31   2.44884084e+06 -1.96916050e+07  9.95e-01 1.36e-11  1.63e+01    16s
  32   1.81474408e+06 -1.18578466e+07  6.83e-01 7.05e-12  1.01e+01    16s
  33   1.20673064e+06 -6.93892325e+06  4.21e-01 3.75e-12  5.99e+00    16s
  34   7.61138445e+05 -4.53469647e+06  2.51e-01 1.59e-12  3.89e+00    16s
  35   5.61434034e+05 -3.03121043e+06  1.79e-01 1.19e-12  2.64e+00    17s
  36   3.21990013e+05 -1.52333884e+06  9.50e-02 9.69e-13  1.35e+00    17s
  37   2.28547725e+05 -9.90942822e+05  6.35e-02 6.54e-13  8.95e-01    17s
  38   1.39105416e+05 -6.16100195e+05  3.46e-02 5.73e-13  5.54e-01    17s
  39   9.32636663e+04 -3.45781183e+05  2.01e-02 5.73e-13  3.22e-01    17s
  40   6.19306406e+04 -2.31432607e+05  1.07e-02 6.06e-13  2.15e-01    18s
  41   6.05125467e+04 -2.22826545e+05  1.04e-02 4.79e-13  2.08e-01    18s
  42   4.97197767e+04 -1.69476955e+05  7.45e-03 5.95e-13  1.61e-01    18s
  43   4.04614943e+04 -1.29500370e+05  5.15e-03 7.22e-13  1.25e-01    18s
  44   3.12031350e+04 -7.51796354e+04  2.98e-03 6.11e-13  7.80e-02    19s
  45   2.43146015e+04 -3.31929929e+04  1.64e-03 6.21e-13  4.22e-02    19s
  46   1.91116632e+04 -1.86995989e+04  8.53e-04 7.80e-13  2.77e-02    19s
  47   1.53831739e+04 -5.97889068e+03  3.97e-04 6.54e-13  1.57e-02    20s
  48   1.42734043e+04  2.52378475e+02  2.92e-04 5.86e-13  1.03e-02    20s
  49   1.31499846e+04  4.12046265e+03  1.95e-04 5.67e-13  6.62e-03    20s
  50   1.23437155e+04  6.11981479e+03  1.34e-04 8.33e-13  4.56e-03    20s
  51   1.19392381e+04  7.18084186e+03  1.07e-04 5.11e-13  3.49e-03    20s
  52   1.13137456e+04  7.99858362e+03  6.64e-05 5.97e-13  2.43e-03    21s
  53   1.07284049e+04  8.68483107e+03  3.18e-05 5.30e-13  1.50e-03    21s
  54   1.04638326e+04  9.24065551e+03  1.77e-05 4.92e-13  8.97e-04    21s
  55   1.03285805e+04  9.57404153e+03  1.12e-05 5.18e-13  5.53e-04    21s
  56   1.02700393e+04  9.72104227e+03  8.58e-06 6.60e-13  4.03e-04    22s
  57   1.01914420e+04  9.84529241e+03  5.21e-06 7.01e-13  2.54e-04    22s
  58   1.01512640e+04  9.89890133e+03  3.57e-06 4.80e-13  1.85e-04    22s
  59   1.01180017e+04  9.95548226e+03  2.23e-06 6.85e-13  1.19e-04    22s
  60   1.00927473e+04  9.97063998e+03  1.91e-06 4.56e-13  8.95e-05    22s
  61   1.00772798e+04  1.00186051e+04  9.54e-07 4.48e-13  4.30e-05    23s
  62   1.00705445e+04  1.00376647e+04  9.54e-07 4.69e-13  2.41e-05    23s
  63   1.00643778e+04  1.00481671e+04  9.54e-07 4.66e-13  1.19e-05    23s
  64   1.00622455e+04  1.00537192e+04  9.54e-07 5.37e-13  6.25e-06    23s
  65   1.00605999e+04  1.00565170e+04  9.54e-07 7.52e-13  2.99e-06    23s
  66   1.00596493e+04  1.00578567e+04  1.91e-06 6.04e-13  1.31e-06    24s
  67   1.00593281e+04  1.00585804e+04  9.54e-07 5.03e-13  5.48e-07    24s
  68   1.00592140e+04  1.00588036e+04  9.54e-07 5.62e-13  3.01e-07    24s
  69   1.00591159e+04  1.00589025e+04  9.54e-07 5.75e-13  1.56e-07    24s
  70   1.00590867e+04  1.00590001e+04  1.91e-06 6.19e-13  6.35e-08    25s
  71   1.00590716e+04  1.00590307e+04  9.54e-07 5.38e-13  3.00e-08    25s
  72   1.00590626e+04  1.00590488e+04  9.54e-07 5.10e-13  1.01e-08    25s
  73   1.00590611e+04  1.00590583e+04  9.54e-07 7.68e-13  2.03e-09    25s
  74   1.00590608e+04  1.00590604e+04  9.54e-07 7.31e-13  2.64e-10    25s
  75   1.00590608e+04  1.00590605e+04  9.54e-07 8.34e-13  2.02e-10    26s
  76   1.00590607e+04  1.00590605e+04  9.54e-07 5.83e-13  1.76e-10    26s
  77   1.00590607e+04  1.00590607e+04  9.54e-07 5.02e-13  4.14e-11    26s

Barrier solved model in 77 iterations and 26.35 seconds (23.45 work units)
Optimal objective 1.00590607e+04


Root crossover log...

   62702 DPushes remaining with DInf 1.3540331e-01                27s
       0 DPushes remaining with DInf 1.9405674e-02                27s

     245 PPushes remaining with PInf 2.7891813e-05                27s
       0 PPushes remaining with PInf 0.0000000e+00                27s

  Push phase complete: Pinf 0.0000000e+00, Dinf 3.3839527e-02     27s


Root simplex log...

Iteration    Objective       Primal Inf.    Dual Inf.      Time
   30548    1.0059061e+04   0.000000e+00   3.383953e-02     27s
   30576    1.0059061e+04   0.000000e+00   0.000000e+00     27s
Crossover time: 0.83 seconds (0.56 work units)
Concurrent spin time: 0.00s

Solved with barrier
   30576    1.0059061e+04   0.000000e+00   0.000000e+00     28s

Root relaxation: objective 1.005906e+04, 30576 iterations, 22.19 seconds (15.80 work units)

    Nodes    |    Current Node    |     Objective Bounds      |     Work
 Expl Unexpl |  Obj  Depth IntInf | Incumbent    BestBd   Gap | It/Node Time

     0     0 10059.0607    0 7377 19588.6175 10059.0607  48.6%     -   29s
H    0     0                    19044.188528 10059.0607  47.2%     -   29s
H    0     0                    18089.505979 10059.0607  44.4%     -   33s
H    0     0                    17965.552350 10059.0607  44.0%     -   37s
H    0     0                    17942.263752 10059.0607  43.9%     -   37s
     0     0 11951.8053    0 5133 17942.2638 11951.8053  33.4%     -   83s
H    0     0                    16762.029632 11951.8053  28.7%     -   92s
H    0     0                    16621.391190 11951.8053  28.1%     -   99s
H    0     0                    16608.596460 11951.8053  28.0%     -   99s
     0     0 12082.8772    0 5017 16608.5965 12082.8772  27.2%     -  133s
     0     0 12086.4713    0 4992 16608.5965 12086.4713  27.2%     -  142s
     0     0 12086.7642    0 5007 16608.5965 12086.7642  27.2%     -  147s
     0     0 12086.7785    0 5002 16608.5965 12086.7785  27.2%     -  154s
     0     0 12573.2687    0 4229 16608.5965 12573.2687  24.3%     -  210s
H    0     0                    14812.825985 12573.2687  15.1%     -  225s
H    0     0                    14798.324367 12573.2687  15.0%     -  234s
H    0     0                    14792.456206 12573.2687  15.0%     -  234s
     0     0 12685.7581    0 3509 14792.4562 12685.7581  14.2%     -  337s
     0     0 12699.2798    0 3462 14792.4562 12699.2798  14.2%     -  393s
     0     0 12703.6811    0 3447 14792.4562 12703.6811  14.1%     -  411s
     0     0 12706.7323    0 3445 14792.4562 12706.7323  14.1%     -  423s
     0     0 12709.2697    0 3421 14792.4562 12709.2697  14.1%     -  438s
     0     0 12711.5035    0 3398 14792.4562 12711.5035  14.1%     -  459s
     0     0 12713.6561    0 3406 14792.4562 12713.6561  14.1%     -  485s
     0     0 12715.1010    0 3419 14792.4562 12715.1010  14.0%     -  500s
     0     0 12716.5165    0 3388 14792.4562 12716.5165  14.0%     -  516s
     0     0 12717.8179    0 3436 14792.4562 12717.8179  14.0%     -  526s
     0     0 12718.8827    0 3386 14792.4562 12718.8827  14.0%     -  536s
     0     0 12719.9907    0 3395 14792.4562 12719.9907  14.0%     -  545s
     0     0 12721.1171    0 3387 14792.4562 12721.1171  14.0%     -  553s
     0     0 12722.2001    0 3380 14792.4562 12722.2001  14.0%     -  560s
     0     0 12722.7843    0 3383 14792.4562 12722.7843  14.0%     -  566s
     0     0 12723.4517    0 3382 14792.4562 12723.4517  14.0%     -  571s
     0     0 12723.9813    0 3390 14792.4562 12723.9813  14.0%     -  576s
     0     0 12724.5893    0 3400 14792.4562 12724.5893  14.0%     -  584s
     0     0 12724.9150    0 3402 14792.4562 12724.9150  14.0%     -  595s
     0     0 12725.4770    0 3385 14792.4562 12725.4770  14.0%     -  608s
     0     0 12725.7815    0 3405 14792.4562 12725.7815  14.0%     -  617s
     0     0 12726.0095    0 3401 14792.4562 12726.0095  14.0%     -  624s
     0     0 12763.7247    0 3355 14792.4562 12763.7247  13.7%     -  819s
H    0     0                    14282.594392 12763.7247  10.6%     -  867s
H    0     0                    14282.371261 12763.7247  10.6%     -  929s
     0     0 12774.8852    0 3312 14282.3713 12774.8852  10.6%     - 1122s
     0     0 12777.6734    0 3250 14282.3713 12777.6734  10.5%     - 1213s
     0     0 12778.9863    0 3258 14282.3713 12778.9863  10.5%     - 1252s
     0     0 12780.0338    0 3251 14282.3713 12780.0338  10.5%     - 1281s
     0     0 12780.8041    0 3268 14282.3713 12780.8041  10.5%     - 1316s
     0     0 12781.3260    0 3249 14282.3713 12781.3260  10.5%     - 1347s
     0     0 12781.9024    0 3235 14282.3713 12781.9024  10.5%     - 1379s
     0     0 12782.3828    0 3238 14282.3713 12782.3828  10.5%     - 1407s
     0     0 12782.6998    0 3252 14282.3713 12782.6998  10.5%     - 1424s
     0     0 12783.0565    0 3252 14282.3713 12783.0565  10.5%     - 1442s
     0     0 12783.2540    0 3236 14282.3713 12783.2540  10.5%     - 1452s
     0     0 12791.1073    0 3315 14282.3713 12791.1073  10.4%     - 1674s
H    0     0                    13973.195536 12791.1073  8.46%     - 1774s
H    0     0                    13971.812128 12791.1073  8.45%     - 1918s
H    0     0                    13970.949338 12791.1073  8.44%     - 1919s
     0     0 12793.4406    0 3278 13970.9493 12793.4406  8.43%     - 2017s
     0     0 12794.2350    0 3311 13970.9493 12794.2350  8.42%     - 2100s
     0     0 12794.8141    0 3257 13970.9493 12794.8141  8.42%     - 2140s
     0     0 12795.2623    0 3248 13970.9493 12795.2623  8.42%     - 2159s
     0     0 12795.5695    0 3245 13970.9493 12795.5695  8.41%     - 2178s
     0     0 12795.7011    0 3237 13970.9493 12795.7011  8.41%     - 2202s
     0     0 12798.8373    0 3323 13970.9493 12798.8373  8.39%     - 2359s
     0     0 12798.8373    0 3323 13970.9493 12798.8373  8.39%     - 2359s
     0     0 12798.8373    0 3323 13970.9493 12798.8373  8.39%     - 2361s
H    0     0                    13679.378264 12798.8373  6.44%     - 2683s
H    0     0                    13555.696288 12798.8373  5.58%     - 3176s
H    0     0                    13555.689460 12798.8373  5.58%     - 3176s
H    0     0                    13555.508622 12798.8373  5.58%     - 3176s
H    0     0                    13555.375575 12798.8373  5.58%     - 3373s
H    0     0                    13450.084177 12798.8373  4.84%     - 3375s
H    0     0                    13439.810031 12798.8373  4.77%     - 3375s
H    0     0                    13178.399826 12798.8373  2.88%     - 3381s
H    0     0                    13170.217193 12798.8373  2.82%     - 3382s
H    0     0                    13095.454627 12798.8373  2.27%     - 3391s
H    0     0                    13090.899589 12798.8373  2.23%     - 3392s
H    0     0                    13040.368299 12798.8373  1.85%     - 3403s
H    0     0                    13038.700028 12798.8373  1.84%     - 3403s
H    0     0                    13038.445599 12798.8373  1.84%     - 6726s
H    0     0                    13037.684260 12798.8373  1.83%     - 6946s
H    0     0                    13037.663096 12798.8373  1.83%     - 6946s
H    0     0                    13037.300447 12798.8373  1.83%     - 7039s
H    0     0                    13037.178484 12798.8373  1.83%     - 7039s
H    0     0                    13035.518165 12798.8373  1.82%     - 7144s
H    0     0                    13034.196581 12798.8373  1.81%     - 7197s
H    0     0                    13033.961404 12798.8373  1.80%     - 7197s
H    0     0                    13033.816144 12798.8373  1.80%     - 7197s
H    0     0                    13032.826425 12798.8373  1.80%     - 7197s
H    0     0                    13032.826277 12798.8373  1.80%     - 7252s
H    0     0                    13032.529102 12798.8373  1.79%     - 7253s
H    0     0                    13031.087110 12798.8373  1.78%     - 7253s
H    0     0                    13027.986280 12798.8373  1.76%     - 7385s
H    0     0                    13027.793596 12798.8373  1.76%     - 7559s
H    0     0                    13021.278009 12798.8373  1.71%     - 7559s
H    0     0                    13020.945906 12798.8373  1.71%     - 7587s
H    0     0                    13020.944705 12798.8373  1.71%     - 7829s
H    0     0                    13020.942926 12798.8373  1.71%     - 7829s
H    0     0                    13020.940195 12798.8373  1.71%     - 7829s
H    0     0                    13020.763200 12798.8373  1.70%     - 7830s
     0     2 12798.8373    0 3321 13020.7632 12798.8373  1.70%     - 7945s
H    1     4                    13020.350941 12798.8415  1.70%   833 7982s
H    2     4                    13017.770814 12798.8419  1.68%  3012 7982s
H    3     8                    13017.672667 12799.3302  1.68%  4008 8081s
H    7    16                    13017.641025 12800.2601  1.67%  9014 8200s
H   12    16                    13013.421647 12800.9938  1.63%  9556 8200s
    15    23 12802.3182    4 3259 13013.4216 12801.1649  1.63% 10877 8491s
H   22    31                    13013.368420 12802.3246  1.62%  9535 8611s
H   23    31                    13013.354097 12802.3532  1.62%  9561 8611s
H   24    31                    13005.145339 12802.3532  1.56%  9469 8611s
H   27    31                    12990.390761 12802.6845  1.44%  9137 8611s
H   28    31                    12989.690527 12802.6845  1.44%  8991 8611s
H   30    39                    12978.120831 12802.6845  1.35%  8830 8727s
H   33    39                    12977.633332 12802.6845  1.35%  8223 8727s
H   35    39                    12973.167695 12802.6845  1.31%  7955 8727s
    38    50 12804.2882    7 3144 12973.1677 12802.6845  1.31%  7779 8835s
H   39    50                    12972.681868 12802.6845  1.31%  7579 8835s
H   40    50                    12894.982761 12802.6845  0.72%  7578 8835s

Cutting planes:
  Gomory: 14
  Implied bound: 7
  MIR: 1683
  Flow cover: 10349
  RLT: 3681
  Relax-and-lift: 7772
  BQP: 44

Explored 49 nodes (844410 simplex iterations) in 8835.71 seconds (10412.23 work units)
Thread count was 8 (of 32 available processors)

Solution count 10: 12895 12972.7 12973.2 ... 13017.6

Optimal solution found (tolerance 1.00e-02)
Best objective 1.289498276148e+04, best bound 1.280268452669e+04, gap 0.7158%
WA_wgap_126_dry: obj=1.29e+13, status=optimal, time=9003.7s
  2030: unabated=99.6%
  2040: beccs=15.8% biomass=21.8% ccs=7.1% unabated=55.1%
  2050: beccs=18.9% biomass=22.6% ccs=4.5% retire=41.0% unabated=12.9%
  2060: beccs=20.6% biomass=21.5% ccs=3.8% retire=54.1%
