Set parameter Username
Set parameter LicenseID to value 2766131
Academic license - for non-commercial use only - expires 2027-01-15
Set parameter OutputFlag to value 1
Set parameter MIPGap to value 0.01
Set parameter MIPFocus to value 1
Set parameter Presolve to value 2
Set parameter TimeLimit to value 36000
Set parameter Heuristics to value 0.3
Set parameter NumericFocus to value 1
Set parameter ScaleFlag to value 2
Set parameter Threads to value 8
Set parameter MIPGap to value 0.01
Gurobi Optimizer version 13.0.0 build v13.0.0rc1 (win64 - Windows 10.0 (19045.2))

CPU model: Intel(R) Core(TM) i9-14900K, instruction set [SSE2|AVX|AVX2]
Thread count: 24 physical cores, 32 logical processors, using up to 8 threads

Non-default parameters:
TimeLimit  36000
MIPGap  0.01
ScaleFlag  2
Heuristics  0.3
MIPFocus  1
NumericFocus  1
Presolve  2
Threads  8

Optimize a model with 302262 rows, 681690 columns and 1653572 nonzeros (Min)
Model fingerprint: 0x9f62709a
Model has 620810 linear objective coefficients
Variable types: 642282 continuous, 39408 integer (39408 binary)
Coefficient statistics:
  Matrix range     [3e-05, 4e+04]
  Objective range  [2e-04, 4e+02]
  Bounds range     [1e+00, 5e+00]
  RHS range        [2e-05, 4e+05]
Presolve removed 99256 rows and 68625 columns
Presolve time: 3.61s
Presolved: 203006 rows, 613065 columns, 1477551 nonzeros
Variable types: 580783 continuous, 32282 integer (27382 binary)
Found heuristic solution: objective 19914.082459
Root relaxation presolve removed 20758 rows and 10570 columns
Root relaxation presolved: 182248 rows, 602495 columns, 1436035 nonzeros

Deterministic concurrent LP optimizer: primal simplex, dual simplex, and barrier
Showing barrier log only...

Root barrier log...

Ordering time: 1.21s

Barrier statistics:
 Dense cols : 4
 AA' NZ     : 1.846e+06
 Factor NZ  : 4.952e+06 (roughly 360 MB of memory)
 Factor Ops : 7.358e+08 (less than 1 second per iteration)
 Threads    : 6

                  Objective                Residual
Iter       Primal          Dual         Primal    Dual     Compl     Time
   0   1.96081483e+16 -2.11686459e+15  3.14e+12 4.48e+02  1.65e+13     7s
   1   1.40932558e+16 -9.74957619e+14  2.17e+12 1.22e+02  1.20e+13     7s
   2   1.07486252e+15 -5.04827001e+14  1.66e+11 8.73e-11  9.20e+11     7s
   3   4.18653910e+12 -4.39358404e+14  5.65e+08 1.82e-10  3.48e+09     7s
   4   7.32145385e+11 -7.81555465e+13  4.84e+07 1.35e-10  3.21e+08     7s
   5   5.39370432e+11 -2.33885310e+13  1.94e+07 1.53e-10  1.22e+08     8s
   6   4.35228936e+11 -7.59062796e+12  4.71e+06 1.09e-10  3.16e+07     8s
   7   3.88033164e+11 -1.37134926e+12  1.20e+06 1.38e-10  7.85e+06     8s
   8   2.30800713e+11 -7.42202192e+11  4.35e+05 6.55e-11  3.02e+06     8s
   9   6.49097330e+10 -2.80790112e+11  1.07e+05 3.42e-10  7.71e+05     8s
  10   1.87429476e+10 -1.41594868e+11  2.79e+04 1.47e-10  2.37e+05     8s
  11   1.08795123e+10 -1.16420762e+11  1.53e+04 1.22e-10  1.56e+05     8s
  12   6.64446264e+09 -9.56112554e+10  8.25e+03 1.00e-10  1.07e+05     9s
  13   4.67992348e+09 -4.63077139e+10  5.18e+03 1.20e-10  5.47e+04     9s
  14   3.49314078e+09 -3.58997279e+10  3.54e+03 8.00e-11  4.01e+04     9s
  15   2.74285921e+09 -2.80633366e+10  2.57e+03 6.09e-11  3.03e+04     9s
  16   2.17220276e+09 -1.64425670e+10  1.88e+03 5.82e-11  1.89e+04     9s
  17   1.69452335e+09 -1.31560389e+10  1.37e+03 3.37e-11  1.46e+04     9s
  18   1.43351414e+09 -8.55681553e+09  1.11e+03 4.00e-11  1.02e+04     9s
  19   9.85963985e+08 -6.51557075e+09  6.88e+02 5.82e-11  7.22e+03    10s
  20   7.21234317e+08 -4.00055609e+09  4.69e+02 5.82e-11  4.56e+03    10s
  21   3.97608394e+08 -2.49582031e+09  2.28e+02 3.46e-11  2.60e+03    10s
  22   2.14769838e+08 -1.32759661e+09  1.08e+02 7.82e-11  1.32e+03    10s
  23   1.06812018e+08 -7.89484755e+08  4.78e+01 4.27e-11  7.23e+02    10s
  24   5.69591606e+07 -4.76173379e+08  2.33e+01 4.00e-11  4.13e+02    10s
  25   2.68146826e+07 -3.03216167e+08  9.94e+00 2.18e-11  2.48e+02    11s
  26   1.32239439e+07 -1.64895425e+08  4.47e+00 1.09e-11  1.32e+02    11s
  27   7.45091012e+06 -7.65282082e+07  2.24e+00 7.28e-12  6.17e+01    11s
  28   5.04580899e+06 -4.13905292e+07  1.40e+00 5.91e-12  3.40e+01    11s
  29   2.96831636e+06 -2.63823901e+07  7.11e-01 5.80e-12  2.14e+01    11s
  30   2.07264704e+06 -1.87868535e+07  4.55e-01 2.90e-12  1.52e+01    11s
  31   1.36356283e+06 -1.26529226e+07  2.71e-01 2.90e-12  1.02e+01    11s
  32   9.03013044e+05 -7.37651314e+06  1.63e-01 1.82e-12  6.03e+00    11s
  33   6.43849304e+05 -5.09336949e+06  1.10e-01 1.36e-12  4.18e+00    12s
  34   4.30620181e+05 -2.93549293e+06  6.87e-02 9.09e-13  2.45e+00    12s
  35   2.45209857e+05 -1.80331056e+06  3.51e-02 6.54e-13  1.49e+00    12s
  36   1.90886378e+05 -1.14561128e+06  2.54e-02 6.28e-13  9.72e-01    12s
  37   1.22472605e+05 -7.26193190e+05  1.40e-02 5.69e-13  6.17e-01    12s
  38   8.73693659e+04 -4.68606217e+05  8.55e-03 7.25e-13  4.04e-01    12s
  39   6.02150557e+04 -3.25428604e+05  4.72e-03 4.55e-13  2.81e-01    12s
  40   5.40810633e+04 -2.69212790e+05  3.95e-03 8.06e-13  2.35e-01    13s
  41   4.30632836e+04 -1.89912808e+05  2.56e-03 5.57e-13  1.69e-01    13s
  42   3.55210115e+04 -1.42584513e+05  1.73e-03 6.43e-13  1.30e-01    13s
  43   2.71486675e+04 -1.10369261e+05  8.89e-04 5.06e-13  1.00e-01    13s
  44   2.27493571e+04 -7.14747637e+04  5.25e-04 5.89e-13  6.85e-02    13s
  45   1.85082179e+04 -4.21619715e+04  2.54e-04 6.64e-13  4.41e-02    13s
  46   1.62872355e+04 -2.15170878e+04  1.52e-04 6.31e-13  2.75e-02    14s
  47   1.49060865e+04 -1.16617459e+04  1.02e-04 5.71e-13  1.93e-02    14s
  48   1.38556487e+04 -2.54603624e+03  7.08e-05 8.50e-13  1.19e-02    14s
  49   1.28910716e+04  1.76872242e+03  4.55e-05 5.92e-13  8.09e-03    14s
  50   1.22534750e+04  4.86505401e+03  3.11e-05 6.61e-13  5.37e-03    14s
  51   1.19287678e+04  6.42608258e+03  2.47e-05 5.23e-13  4.00e-03    14s
  52   1.12454425e+04  7.56922885e+03  1.27e-05 7.59e-13  2.67e-03    14s
  53   1.09554491e+04  8.32307585e+03  8.15e-06 9.10e-13  1.91e-03    14s
  54   1.07519335e+04  9.13553911e+03  5.19e-06 4.57e-13  1.18e-03    15s
  55   1.06171657e+04  9.48792721e+03  3.45e-06 6.55e-13  8.21e-04    15s
  56   1.05085637e+04  9.67566424e+03  2.13e-06 6.51e-13  6.06e-04    15s
  57   1.04335980e+04  9.92616362e+03  1.24e-06 6.73e-13  3.69e-04    15s
  58   1.03971891e+04  1.00918633e+04  1.91e-06 4.27e-13  2.22e-04    15s
  59   1.03814423e+04  1.01280895e+04  1.91e-06 4.66e-13  1.84e-04    15s
  60   1.03748993e+04  1.01838966e+04  1.91e-06 5.49e-13  1.39e-04    15s
  61   1.03531815e+04  1.02299396e+04  9.54e-07 4.71e-13  8.97e-05    15s
  62   1.03383018e+04  1.02574303e+04  1.91e-06 4.72e-13  5.88e-05    16s
  63   1.03311389e+04  1.02715749e+04  9.54e-07 7.42e-13  4.33e-05    16s
  64   1.03280043e+04  1.02865616e+04  1.91e-06 6.48e-13  3.01e-05    16s
  65   1.03216539e+04  1.02932873e+04  9.54e-07 4.53e-13  2.06e-05    16s
  66   1.03159186e+04  1.02980175e+04  1.91e-06 6.29e-13  1.30e-05    16s
  67   1.03132340e+04  1.03026896e+04  9.54e-07 5.59e-13  7.67e-06    17s
  68   1.03096561e+04  1.03040075e+04  9.54e-07 7.75e-13  4.11e-06    17s
  69   1.03083083e+04  1.03047228e+04  9.54e-07 5.88e-13  2.61e-06    17s
  70   1.03076376e+04  1.03054090e+04  9.54e-07 7.37e-13  1.62e-06    17s
  71   1.03071303e+04  1.03056675e+04  1.91e-06 5.54e-13  1.06e-06    17s
  72   1.03069650e+04  1.03057486e+04  1.91e-06 4.85e-13  8.85e-07    18s
  73   1.03067147e+04  1.03059704e+04  1.91e-06 6.20e-13  5.41e-07    18s
  74   1.03066712e+04  1.03060283e+04  1.91e-06 5.86e-13  4.68e-07    18s
  75   1.03063908e+04  1.03060822e+04  9.54e-07 5.98e-13  2.25e-07    18s
  76   1.03062858e+04  1.03061013e+04  9.54e-07 7.81e-13  1.34e-07    18s
  77   1.03062459e+04  1.03061207e+04  9.54e-07 4.67e-13  9.11e-08    18s
  78   1.03061944e+04  1.03061297e+04  9.54e-07 5.54e-13  4.70e-08    19s
  79   1.03061822e+04  1.03061383e+04  1.91e-06 5.42e-13  3.20e-08    19s
  80   1.03061574e+04  1.03061453e+04  9.54e-07 5.74e-13  8.78e-09    19s
  81   1.03061522e+04  1.03061490e+04  9.54e-07 7.61e-13  2.26e-09    19s
  82   1.03061514e+04  1.03061508e+04  1.91e-06 6.90e-13  4.56e-10    19s
  83   1.03061511e+04  1.03061510e+04  9.54e-07 6.42e-13  8.94e-11    19s
  84   1.03061511e+04  1.03061510e+04  9.54e-07 5.57e-13  7.30e-11    20s
  85   1.03061511e+04  1.03061511e+04  9.54e-07 7.79e-13  1.05e-11    20s

Barrier solved model in 85 iterations and 19.69 seconds (25.66 work units)
Optimal objective 1.03061511e+04


Root crossover log...

   70815 DPushes remaining with DInf 1.8437471e-03                20s
    3797 DPushes remaining with DInf 0.0000000e+00                20s
       0 DPushes remaining with DInf 0.0000000e+00                20s

      47 PPushes remaining with PInf 0.0000000e+00                20s
       0 PPushes remaining with PInf 0.0000000e+00                20s

  Push phase complete: Pinf 0.0000000e+00, Dinf 1.4369045e-12     20s


Root simplex log...

Iteration    Objective       Primal Inf.    Dual Inf.      Time
   32006    1.0306151e+04   0.000000e+00   0.000000e+00     20s
Crossover time: 0.52 seconds (0.53 work units)
Concurrent spin time: 0.01s

Solved with barrier
   32006    1.0306151e+04   0.000000e+00   0.000000e+00     20s

Root relaxation: objective 1.030615e+04, 32006 iterations, 15.90 seconds (17.61 work units)

    Nodes    |    Current Node    |     Objective Bounds      |     Work
 Expl Unexpl |  Obj  Depth IntInf | Incumbent    BestBd   Gap | It/Node Time

     0     0 10306.1511    0 7390 19914.0825 10306.1511  48.2%     -   21s
H    0     0                    19369.653453 10306.1511  46.8%     -   21s
H    0     0                    18422.707608 10306.1511  44.1%     -   25s
H    0     0                    18321.241750 10306.1511  43.7%     -   29s
H    0     0                    18298.239077 10306.1511  43.7%     -   29s
     0     0 12176.3984    0 5233 18298.2391 12176.3984  33.5%     -   59s
H    0     0                    16844.448878 12176.3984  27.7%     -   64s
H    0     0                    16807.136858 12176.3984  27.6%     -   68s
H    0     0                    16793.148001 12176.3984  27.5%     -   68s
     0     0 12343.6412    0 5256 16793.1480 12343.6412  26.5%     -   89s
     0     0 12348.5926    0 5243 16793.1480 12348.5926  26.5%     -   96s
     0     0 12348.7254    0 5234 16793.1480 12348.7254  26.5%     -   99s
     0     0 12873.3792    0 4400 16793.1480 12873.3792  23.3%     -  146s
H    0     0                    15087.326704 12873.3792  14.7%     -  161s
H    0     0                    15082.112145 12873.3792  14.6%     -  187s
     0     0 12964.8099    0 3772 15082.1121 12964.8099  14.0%     -  255s
     0     0 12976.4815    0 3703 15082.1121 12976.4815  14.0%     -  287s
     0     0 12980.7259    0 3704 15082.1121 12980.7259  13.9%     -  304s
     0     0 12983.4354    0 3680 15082.1121 12983.4354  13.9%     -  319s
     0     0 12985.8404    0 3682 15082.1121 12985.8404  13.9%     -  330s
     0     0 12987.7929    0 3663 15082.1121 12987.7929  13.9%     -  340s
     0     0 12989.3330    0 3673 15082.1121 12989.3330  13.9%     -  348s
     0     0 12990.6648    0 3668 15082.1121 12990.6648  13.9%     -  356s
     0     0 12992.0412    0 3654 15082.1121 12992.0412  13.9%     -  364s
     0     0 12993.5149    0 3649 15082.1121 12993.5149  13.8%     -  371s
     0     0 12994.4558    0 3652 15082.1121 12994.4558  13.8%     -  379s
     0     0 12995.5788    0 3665 15082.1121 12995.5788  13.8%     -  384s
     0     0 12996.2691    0 3685 15082.1121 12996.2691  13.8%     -  392s
     0     0 12996.9959    0 3665 15082.1121 12996.9959  13.8%     -  396s
     0     0 12997.4413    0 3669 15082.1121 12997.4413  13.8%     -  400s
     0     0 12997.9783    0 3663 15082.1121 12997.9783  13.8%     -  403s
     0     0 12998.5122    0 3663 15082.1121 12998.5122  13.8%     -  406s
     0     0 12998.8861    0 3661 15082.1121 12998.8861  13.8%     -  410s
     0     0 12999.0528    0 3656 15082.1121 12999.0528  13.8%     -  412s
     0     0 13041.2322    0 3516 15082.1121 13041.2322  13.5%     -  550s
H    0     0                    14678.543368 13041.2322  11.2%     -  576s
H    0     0                    14673.318928 13041.2322  11.1%     -  607s
     0     0 13053.4917    0 3530 14673.3189 13053.4917  11.0%     -  729s
     0     0 13056.3815    0 3475 14673.3189 13056.3815  11.0%     -  770s
     0     0 13057.8027    0 3439 14673.3189 13057.8027  11.0%     -  791s
     0     0 13059.0277    0 3438 14673.3189 13059.0277  11.0%     -  811s
     0     0 13059.9786    0 3401 14673.3189 13059.9786  11.0%     -  830s
     0     0 13060.8524    0 3371 14673.3189 13060.8524  11.0%     -  847s
     0     0 13061.4592    0 3380 14673.3189 13061.4592  11.0%     -  861s
     0     0 13061.9860    0 3392 14673.3189 13061.9860  11.0%     -  876s
     0     0 13062.4371    0 3344 14673.3189 13062.4371  11.0%     -  889s
     0     0 13062.8484    0 3360 14673.3189 13062.8484  11.0%     -  902s
     0     0 13063.1539    0 3355 14673.3189 13063.1539  11.0%     -  913s
     0     0 13063.4525    0 3350 14673.3189 13063.4525  11.0%     -  921s
     0     0 13063.8063    0 3363 14673.3189 13063.8063  11.0%     -  928s
     0     0 13064.0789    0 3349 14673.3189 13064.0789  11.0%     -  935s
     0     0 13071.9583    0 3322 14673.3189 13071.9583  10.9%     - 1091s
H    0     0                    14396.014164 13071.9583  9.20%     - 1199s
H    0     0                    14394.197244 13071.9583  9.19%     - 1317s
H    0     0                    14394.031797 13071.9583  9.18%     - 1317s
     0     0 13074.8936    0 3292 14394.0318 13074.8936  9.16%     - 1388s
     0     0 13075.8260    0 3270 14394.0318 13075.8260  9.16%     - 1427s
     0     0 13076.3939    0 3254 14394.0318 13076.3939  9.15%     - 1457s
     0     0 13076.8911    0 3288 14394.0318 13076.8911  9.15%     - 1481s
     0     0 13077.3011    0 3263 14394.0318 13077.3011  9.15%     - 1497s
     0     0 13077.6258    0 3301 14394.0318 13077.6258  9.15%     - 1515s
     0     0 13077.9252    0 3244 14394.0318 13077.9252  9.14%     - 1528s
     0     0 13078.1486    0 3253 14394.0318 13078.1486  9.14%     - 1541s
     0     0 13081.6087    0 3348 14394.0318 13081.6087  9.12%     - 1640s
     0     0 13081.6087    0 3348 14394.0318 13081.6087  9.12%     - 1640s
     0     0 13081.6087    0 3348 14394.0318 13081.6087  9.12%     - 1641s
H    0     0                    13886.903063 13081.6087  5.80%     - 1799s
H    0     0                    13886.720509 13081.6087  5.80%     - 1799s
H    0     0                    13886.527029 13081.6087  5.80%     - 2169s
H    0     0                    13885.217930 13081.6087  5.79%     - 2176s
H    0     0                    13639.481477 13081.6087  4.09%     - 2177s
H    0     0                    13629.807043 13081.6087  4.02%     - 2177s
H    0     0                    13439.382050 13081.6087  2.66%     - 2180s
H    0     0                    13432.511030 13081.6087  2.61%     - 2181s
H    0     0                    13432.511027 13081.6087  2.61%     - 2190s
H    0     0                    13275.193920 13081.6087  1.46%     - 2196s
H    0     0                    13270.379355 13081.6087  1.42%     - 2197s
H    0     0                    13264.045578 13081.6087  1.38%     - 2206s
H    0     0                    13252.515154 13081.6087  1.29%     - 2212s
H    0     0                    13248.953239 13081.6087  1.26%     - 2212s
H    0     0                    13232.965604 13081.6087  1.14%     - 2218s
H    0     0                    13229.227116 13081.6087  1.12%     - 2218s
H    0     0                    13226.434033 13081.6087  1.09%     - 2225s
H    0     0                    13222.852922 13081.6087  1.07%     - 2226s
H    0     0                    13216.487822 13081.6087  1.02%     - 2234s
H    0     0                    13216.069619 13081.6087  1.02%     - 2234s
H    0     0                    13214.556890 13081.6087  1.01%     - 2234s
H    0     0                    13214.407058 13081.6087  1.00%     - 5412s
